
> creditbridge@0.1.0 build
> next build

   ▲ Next.js 15.3.3
   - Environments: .env.local

